Archive member included to satisfy reference by file (symbol)

c:/users/summer/appdata/roaming/xpacks/arm_embedded_gcc/bin/../lib/gcc/arm-none-eabi/9.2.1/thumb/v7e-m/nofp\libgcc.a(_arm_addsubdf3.o)
                              CMakeFiles/stm32_hal_fsmc_ili9341.elf.dir/Drivers/ILI9341/ili9341.c.obj (__aeabi_ui2d)
c:/users/summer/appdata/roaming/xpacks/arm_embedded_gcc/bin/../lib/gcc/arm-none-eabi/9.2.1/thumb/v7e-m/nofp\libgcc.a(_arm_muldivdf3.o)
                              CMakeFiles/stm32_hal_fsmc_ili9341.elf.dir/Drivers/ILI9341/ili9341.c.obj (__aeabi_ddiv)
c:/users/summer/appdata/roaming/xpacks/arm_embedded_gcc/bin/../lib/gcc/arm-none-eabi/9.2.1/thumb/v7e-m/nofp\libgcc.a(_arm_fixdfsi.o)
                              CMakeFiles/stm32_hal_fsmc_ili9341.elf.dir/Drivers/ILI9341/ili9341.c.obj (__aeabi_d2iz)
c:/users/summer/appdata/roaming/xpacks/arm_embedded_gcc/bin/../lib/gcc/arm-none-eabi/9.2.1/thumb/v7e-m/nofp\libgcc.a(_arm_addsubsf3.o)
                              CMakeFiles/stm32_hal_fsmc_ili9341.elf.dir/Drivers/ILI9341/ili9341.c.obj (__aeabi_i2f)
c:/users/summer/appdata/roaming/xpacks/arm_embedded_gcc/bin/../lib/gcc/arm-none-eabi/9.2.1/thumb/v7e-m/nofp\libgcc.a(_aeabi_uldivmod.o)
                              CMakeFiles/stm32_hal_fsmc_ili9341.elf.dir/Drivers/STM32F4xx_HAL_Driver/Src/stm32f4xx_hal_rcc.c.obj (__aeabi_uldivmod)
c:/users/summer/appdata/roaming/xpacks/arm_embedded_gcc/bin/../lib/gcc/arm-none-eabi/9.2.1/thumb/v7e-m/nofp\libgcc.a(_udivmoddi4.o)
                              c:/users/summer/appdata/roaming/xpacks/arm_embedded_gcc/bin/../lib/gcc/arm-none-eabi/9.2.1/thumb/v7e-m/nofp\libgcc.a(_aeabi_uldivmod.o) (__udivmoddi4)
c:/users/summer/appdata/roaming/xpacks/arm_embedded_gcc/bin/../lib/gcc/arm-none-eabi/9.2.1/thumb/v7e-m/nofp\libgcc.a(_dvmd_tls.o)
                              c:/users/summer/appdata/roaming/xpacks/arm_embedded_gcc/bin/../lib/gcc/arm-none-eabi/9.2.1/thumb/v7e-m/nofp\libgcc.a(_aeabi_uldivmod.o) (__aeabi_ldiv0)
c:/users/summer/appdata/roaming/xpacks/arm_embedded_gcc/bin/../lib/gcc/arm-none-eabi/9.2.1/../../../../arm-none-eabi/lib/thumb/v7e-m/nofp\libg_nano.a(lib_a-errno.o)
                              CMakeFiles/stm32_hal_fsmc_ili9341.elf.dir/Src/syscalls.c.obj (__errno)
c:/users/summer/appdata/roaming/xpacks/arm_embedded_gcc/bin/../lib/gcc/arm-none-eabi/9.2.1/../../../../arm-none-eabi/lib/thumb/v7e-m/nofp\libg_nano.a(lib_a-exit.o)
                              c:/users/summer/appdata/roaming/xpacks/arm_embedded_gcc/bin/../lib/gcc/arm-none-eabi/9.2.1/../../../../arm-none-eabi/lib/thumb/v7e-m/nofp/crt0.o (exit)
c:/users/summer/appdata/roaming/xpacks/arm_embedded_gcc/bin/../lib/gcc/arm-none-eabi/9.2.1/../../../../arm-none-eabi/lib/thumb/v7e-m/nofp\libg_nano.a(lib_a-impure.o)
                              c:/users/summer/appdata/roaming/xpacks/arm_embedded_gcc/bin/../lib/gcc/arm-none-eabi/9.2.1/../../../../arm-none-eabi/lib/thumb/v7e-m/nofp\libg_nano.a(lib_a-exit.o) (_global_impure_ptr)
c:/users/summer/appdata/roaming/xpacks/arm_embedded_gcc/bin/../lib/gcc/arm-none-eabi/9.2.1/../../../../arm-none-eabi/lib/thumb/v7e-m/nofp\libg_nano.a(lib_a-init.o)
                              c:/users/summer/appdata/roaming/xpacks/arm_embedded_gcc/bin/../lib/gcc/arm-none-eabi/9.2.1/../../../../arm-none-eabi/lib/thumb/v7e-m/nofp/crt0.o (__libc_init_array)
c:/users/summer/appdata/roaming/xpacks/arm_embedded_gcc/bin/../lib/gcc/arm-none-eabi/9.2.1/../../../../arm-none-eabi/lib/thumb/v7e-m/nofp\libg_nano.a(lib_a-memmove.o)
                              CMakeFiles/stm32_hal_fsmc_ili9341.elf.dir/Drivers/ILI9341/ili9341.c.obj (memmove)
c:/users/summer/appdata/roaming/xpacks/arm_embedded_gcc/bin/../lib/gcc/arm-none-eabi/9.2.1/../../../../arm-none-eabi/lib/thumb/v7e-m/nofp\libg_nano.a(lib_a-memset.o)
                              c:/users/summer/appdata/roaming/xpacks/arm_embedded_gcc/bin/../lib/gcc/arm-none-eabi/9.2.1/../../../../arm-none-eabi/lib/thumb/v7e-m/nofp/crt0.o (memset)
c:/users/summer/appdata/roaming/xpacks/arm_embedded_gcc/bin/../lib/gcc/arm-none-eabi/9.2.1/../../../../arm-none-eabi/lib/thumb/v7e-m/nofp\libg_nano.a(lib_a-snprintf.o)
                              CMakeFiles/stm32_hal_fsmc_ili9341.elf.dir/Drivers/ILI9341/ili9341.c.obj (snprintf)
c:/users/summer/appdata/roaming/xpacks/arm_embedded_gcc/bin/../lib/gcc/arm-none-eabi/9.2.1/../../../../arm-none-eabi/lib/thumb/v7e-m/nofp\libg_nano.a(lib_a-nano-svfprintf.o)
                              c:/users/summer/appdata/roaming/xpacks/arm_embedded_gcc/bin/../lib/gcc/arm-none-eabi/9.2.1/../../../../arm-none-eabi/lib/thumb/v7e-m/nofp\libg_nano.a(lib_a-snprintf.o) (_svfprintf_r)
c:/users/summer/appdata/roaming/xpacks/arm_embedded_gcc/bin/../lib/gcc/arm-none-eabi/9.2.1/../../../../arm-none-eabi/lib/thumb/v7e-m/nofp\libg_nano.a(lib_a-nano-vfprintf_i.o)
[...]
Memory Configuration

Name             Origin             Length             Attributes
RAM              0x0000000020000000 0x0000000000020000 xrw
CCMRAM           0x0000000010000000 0x0000000000010000 xrw
FLASH            0x0000000008000000 0x0000000000080000 xr
*default*        0x0000000000000000 0xffffffffffffffff

Linker script and memory map

LOAD c:/users/summer/appdata/roaming/xpacks/arm_embedded_gcc/bin/../lib/gcc/arm-none-eabi/9.2.1/thumb/v7e-m/nofp/crti.o
LOAD c:/users/summer/appdata/roaming/xpacks/arm_embedded_gcc/bin/../lib/gcc/arm-none-eabi/9.2.1/thumb/v7e-m/nofp/crtbegin.o
LOAD c:/users/summer/appdata/roaming/xpacks/arm_embedded_gcc/bin/../lib/gcc/arm-none-eabi/9.2.1/../../../../arm-none-eabi/lib/thumb/v7e-m/nofp/crt0.o
LOAD CMakeFiles/stm32_hal_fsmc_ili9341.elf.dir/Drivers/ILI9341/fonts.c.obj
LOAD CMakeFiles/stm32_hal_fsmc_ili9341.elf.dir/Drivers/ILI9341/ili9341.c.obj
LOAD CMakeFiles/stm32_hal_fsmc_ili9341.elf.dir/Drivers/ILI9341/ili9341_touch.c.obj
LOAD CMakeFiles/stm32_hal_fsmc_ili9341.elf.dir/Drivers/STM32F4xx_HAL_Driver/Src/stm32f4xx_hal.c.obj
LOAD CMakeFiles/stm32_hal_fsmc_ili9341.elf.dir/Drivers/STM32F4xx_HAL_Driver/Src/stm32f4xx_hal_cortex.c.obj
LOAD CMakeFiles/stm32_hal_fsmc_ili9341.elf.dir/Drivers/STM32F4xx_HAL_Driver/Src/stm32f4xx_hal_dma.c.obj
LOAD CMakeFiles/stm32_hal_fsmc_ili9341.elf.dir/Drivers/STM32F4xx_HAL_Driver/Src/stm32f4xx_hal_dma_ex.c.obj
LOAD CMakeFiles/stm32_hal_fsmc_ili9341.elf.dir/Drivers/STM32F4xx_HAL_Driver/Src/stm32f4xx_hal_exti.c.obj
LOAD CMakeFiles/stm32_hal_fsmc_ili9341.elf.dir/Drivers/STM32F4xx_HAL_Driver/Src/stm32f4xx_hal_flash.c.obj
LOAD CMakeFiles/stm32_hal_fsmc_ili9341.elf.dir/Drivers/STM32F4xx_HAL_Driver/Src/stm32f4xx_hal_flash_ex.c.obj
LOAD CMakeFiles/stm32_hal_fsmc_ili9341.elf.dir/Drivers/STM32F4xx_HAL_Driver/Src/stm32f4xx_hal_flash_ramfunc.c.obj
LOAD CMakeFiles/stm32_hal_fsmc_ili9341.elf.dir/Drivers/STM32F4xx_HAL_Driver/Src/stm32f4xx_hal_gpio.c.obj
LOAD CMakeFiles/stm32_hal_fsmc_ili9341.elf.dir/Drivers/STM32F4xx_HAL_Driver/Src/stm32f4xx_hal_pwr.c.obj
LOAD CMakeFiles/stm32_hal_fsmc_ili9341.elf.dir/Drivers/STM32F4xx_HAL_Driver/Src/stm32f4xx_hal_pwr_ex.c.obj
LOAD CMakeFiles/stm32_hal_fsmc_ili9341.elf.dir/Drivers/STM32F4xx_HAL_Driver/Src/stm32f4xx_hal_rcc.c.obj
LOAD CMakeFiles/stm32_hal_fsmc_ili9341.elf.dir/Drivers/STM32F4xx_HAL_Driver/Src/stm32f4xx_hal_rcc_ex.c.obj
LOAD CMakeFiles/stm32_hal_fsmc_ili9341.elf.dir/Drivers/STM32F4xx_HAL_Driver/Src/stm32f4xx_hal_sram.c.obj
LOAD CMakeFiles/stm32_hal_fsmc_ili9341.elf.dir/Drivers/STM32F4xx_HAL_Driver/Src/stm32f4xx_hal_tim.c.obj
LOAD CMakeFiles/stm32_hal_fsmc_ili9341.elf.dir/Drivers/STM32F4xx_HAL_Driver/Src/stm32f4xx_hal_tim_ex.c.obj
LOAD CMakeFiles/stm32_hal_fsmc_ili9341.elf.dir/Drivers/STM32F4xx_HAL_Driver/Src/stm32f4xx_ll_fsmc.c.obj
LOAD CMakeFiles/stm32_hal_fsmc_ili9341.elf.dir/Src/fsmc.c.obj
LOAD CMakeFiles/stm32_hal_fsmc_ili9341.elf.dir/Src/gpio.c.obj
LOAD CMakeFiles/stm32_hal_fsmc_ili9341.elf.dir/Src/main.c.obj
LOAD CMakeFiles/stm32_hal_fsmc_ili9341.elf.dir/Src/stm32f4xx_hal_msp.c.obj
LOAD CMakeFiles/stm32_hal_fsmc_ili9341.elf.dir/Src/stm32f4xx_it.c.obj
LOAD CMakeFiles/stm32_hal_fsmc_ili9341.elf.dir/Src/syscalls.c.obj
LOAD CMakeFiles/stm32_hal_fsmc_ili9341.elf.dir/Src/system_stm32f4xx.c.obj
LOAD CMakeFiles/stm32_hal_fsmc_ili9341.elf.dir/startup/startup_stm32f407xx.s.obj
START GROUP
LOAD c:/users/summer/appdata/roaming/xpacks/arm_embedded_gcc/bin/../lib/gcc/arm-none-eabi/9.2.1/thumb/v7e-m/nofp\libgcc.a
LOAD c:/users/summer/appdata/roaming/xpacks/arm_embedded_gcc/bin/../lib/gcc/arm-none-eabi/9.2.1/../../../../arm-none-eabi/lib/thumb/v7e-m/nofp\libg_nano.a
LOAD c:/users/summer/appdata/roaming/xpacks/arm_embedded_gcc/bin/../lib/gcc/arm-none-eabi/9.2.1/../../../../arm-none-eabi/lib/thumb/v7e-m/nofp\libc_nano.a
END GROUP
START GROUP
LOAD c:/users/summer/appdata/roaming/xpacks/arm_embedded_gcc/bin/../lib/gcc/arm-none-eabi/9.2.1/thumb/v7e-m/nofp\libgcc.a
LOAD c:/users/summer/appdata/roaming/xpacks/arm_embedded_gcc/bin/../lib/gcc/arm-none-eabi/9.2.1/../../../../arm-none-eabi/lib/thumb/v7e-m/nofp\libc_nano.a
LOAD c:/users/summer/appdata/roaming/xpacks/arm_embedded_gcc/bin/../lib/gcc/arm-none-eabi/9.2.1/../../../../arm-none-eabi/lib/thumb/v7e-m/nofp\libnosys.a
END GROUP
START GROUP
LOAD c:/users/summer/appdata/roaming/xpacks/arm_embedded_gcc/bin/../lib/gcc/arm-none-eabi/9.2.1/thumb/v7e-m/nofp\libgcc.a
LOAD c:/users/summer/appdata/roaming/xpacks/arm_embedded_gcc/bin/../lib/gcc/arm-none-eabi/9.2.1/../../../../arm-none-eabi/lib/thumb/v7e-m/nofp\libc_nano.a
LOAD c:/users/summer/appdata/roaming/xpacks/arm_embedded_gcc/bin/../lib/gcc/arm-none-eabi/9.2.1/../../../../arm-none-eabi/lib/thumb/v7e-m/nofp\libnosys.a
END GROUP
LOAD c:/users/summer/appdata/roaming/xpacks/arm_embedded_gcc/bin/../lib/gcc/arm-none-eabi/9.2.1/thumb/v7e-m/nofp/crtend.o
LOAD c:/users/summer/appdata/roaming/xpacks/arm_embedded_gcc/bin/../lib/gcc/arm-none-eabi/9.2.1/thumb/v7e-m/nofp/crtn.o
                0x0000000020020000                _estack = 0x20020000
                0x0000000000000200                _Min_Heap_Size = 0x200
                0x0000000000000400                _Min_Stack_Size = 0x400

.isr_vector     0x0000000008000000      0x188
                0x0000000008000000                . = ALIGN (0x4)
 *(.isr_vector)
 .isr_vector    0x0000000008000000      0x188 CMakeFiles/stm32_hal_fsmc_ili9341.elf.dir/startup/startup_stm32f407xx.s.obj
                0x0000000008000000                g_pfnVectors
                0x0000000008000188                . = ALIGN (0x4)

.text           0x0000000008000188     0x26b0
                0x0000000008000188                . = ALIGN (0x4)
 *(.text)
 .text          0x0000000008000188       0x30 c:/users/summer/appdata/roaming/xpacks/arm_embedded_gcc/bin/../lib/gcc/arm-none-eabi/9.2.1/thumb/v7e-m/nofp\libgcc.a(_aeabi_uldivmod.o)
                0x0000000008000188                __aeabi_uldivmod
 .text          0x00000000080001b8        0x4 c:/users/summer/appdata/roaming/xpacks/arm_embedded_gcc/bin/../lib/gcc/arm-none-eabi/9.2.1/thumb/v7e-m/nofp\libgcc.a(_dvmd_tls.o)
                0x00000000080001b8                __aeabi_idiv0
                0x00000000080001b8                __aeabi_ldiv0
 *(.text*)
 .text.__do_global_dtors_aux
                0x00000000080001bc       0x24 c:/users/summer/appdata/roaming/xpacks/arm_embedded_gcc/bin/../lib/gcc/arm-none-eabi/9.2.1/thumb/v7e-m/nofp/crtbegin.o
 .text.frame_dummy
                0x00000000080001e0       0x1c c:/users/summer/appdata/roaming/xpacks/arm_embedded_gcc/bin/../lib/gcc/arm-none-eabi/9.2.1/thumb/v7e-m/nofp/crtbegin.o
 .text.ILI9341_Reset
                0x00000000080001fc       0x28 CMakeFiles/stm32_hal_fsmc_ili9341.elf.dir/Drivers/ILI9341/ili9341.c.obj
 .text.ILI9341_WriteCommand
                0x0000000008000224       0x1c CMakeFiles/stm32_hal_fsmc_ili9341.elf.dir/Drivers/ILI9341/ili9341.c.obj
 .text.ILI9341_WriteData
                0x0000000008000240       0x20 CMakeFiles/stm32_hal_fsmc_ili9341.elf.dir/Drivers/ILI9341/ili9341.c.obj
 .text.ILI9341_WriteDataMultiple
                0x0000000008000260       0x34 CMakeFiles/stm32_hal_fsmc_ili9341.elf.dir/Drivers/ILI9341/ili9341.c.obj
 .text.ILI9341_SetAddressWindow
                0x0000000008000294       0x90 CMakeFiles/stm32_hal_fsmc_ili9341.elf.dir/Drivers/ILI9341/ili9341.c.obj
 .text.ILI9341_Init
                0x0000000008000324      0x26c CMakeFiles/stm32_hal_fsmc_ili9341.elf.dir/Drivers/ILI9341/ili9341.c.obj
                0x0000000008000324                ILI9341_Init
 .text.ILI9341_DrawPixel
                0x0000000008000590       0x46 CMakeFiles/stm32_hal_fsmc_ili9341.elf.dir/Drivers/ILI9341/ili9341.c.obj
                0x0000000008000590                ILI9341_DrawPixel
 .text.ILI9341_WriteChar
                0x00000000080005d6       0xbe CMakeFiles/stm32_hal_fsmc_ili9341.elf.dir/Drivers/ILI9341/ili9341.c.obj
 .text.ILI9341_WriteString
                0x0000000008000694       0x8e CMakeFiles/stm32_hal_fsmc_ili9341.elf.dir/Drivers/ILI9341/ili9341.c.obj
                0x0000000008000694                ILI9341_WriteString
 .text.ILI9341_FillRectangle
                0x0000000008000722       0xaa CMakeFiles/stm32_hal_fsmc_ili9341.elf.dir/Drivers/ILI9341/ili9341.c.obj
                0x0000000008000722                ILI9341_FillRectangle
 .text.ILI9341_FillScreen
                0x00000000080007cc       0x24 CMakeFiles/stm32_hal_fsmc_ili9341.elf.dir/Drivers/ILI9341/ili9341.c.obj
                0x00000000080007cc                ILI9341_FillScreen
 .text.ILI9341_DrawLine
                0x00000000080007f0      0x118 CMakeFiles/stm32_hal_fsmc_ili9341.elf.dir/Drivers/ILI9341/ili9341.c.obj
                0x00000000080007f0                ILI9341_DrawLine
 .text.ILI9341_DrawCircle
                0x0000000008000908      0x1b4 CMakeFiles/stm32_hal_fsmc_ili9341.elf.dir/Drivers/ILI9341/ili9341.c.obj
                0x0000000008000908                ILI9341_DrawCircle
 .text.ILI9341_DrawFilledCircle
                0x0000000008000abc      0x1b6 CMakeFiles/stm32_hal_fsmc_ili9341.elf.dir/Drivers/ILI9341/ili9341.c.obj
                0x0000000008000abc                ILI9341_DrawFilledCircle
 .text.ILI9341_DrawTriangle
                0x0000000008000c72       0x5c CMakeFiles/stm32_hal_fsmc_ili9341.elf.dir/Drivers/ILI9341/ili9341.c.obj
                0x0000000008000c72                ILI9341_DrawTriangle
 .text.ILI9341_DrawFilledTriangle
                0x0000000008000cce      0x184 CMakeFiles/stm32_hal_fsmc_ili9341.elf.dir/Drivers/ILI9341/ili9341.c.obj
                0x0000000008000cce                ILI9341_DrawFilledTriangle
 *fill*         0x0000000008000e52        0x2 
 .text.ILI9341_Test
                0x0000000008000e54      0x188 CMakeFiles/stm32_hal_fsmc_ili9341.elf.dir/Drivers/ILI9341/ili9341.c.obj
                0x0000000008000e54                ILI9341_Test
 .text.HAL_Init
                0x0000000008000fdc       0x44 CMakeFiles/stm32_hal_fsmc_ili9341.elf.dir/Drivers/STM32F4xx_HAL_Driver/Src/stm32f4xx_hal.c.obj
                0x0000000008000fdc                HAL_Init
 .text.HAL_InitTick
                0x0000000008001020       0x60 CMakeFiles/stm32_hal_fsmc_ili9341.elf.dir/Drivers/STM32F4xx_HAL_Driver/Src/stm32f4xx_hal.c.obj
                0x0000000008001020                HAL_InitTick
 .text.HAL_IncTick
                0x0000000008001080       0x24 CMakeFiles/stm32_hal_fsmc_ili9341.elf.dir/Drivers/STM32F4xx_HAL_Driver/Src/stm32f4xx_hal.c.obj
                0x0000000008001080                HAL_IncTick
 .text.HAL_GetTick
                0x00000000080010a4       0x14 CMakeFiles/stm32_hal_fsmc_ili9341.elf.dir/Drivers/STM32F4xx_HAL_Driver/Src/stm32f4xx_hal.c.obj
                0x00000000080010a4                HAL_GetTick
 .text.HAL_Delay
                0x00000000080010b8       0x48 CMakeFiles/stm32_hal_fsmc_ili9341.elf.dir/Drivers/STM32F4xx_HAL_Driver/Src/stm32f4xx_hal.c.obj
                0x00000000080010b8                HAL_Delay
 .text.__NVIC_SetPriorityGrouping
                0x0000000008001100       0x48 CMakeFiles/stm32_hal_fsmc_ili9341.elf.dir/Drivers/STM32F4xx_HAL_Driver/Src/stm32f4xx_hal_cortex.c.obj
 .text.__NVIC_GetPriorityGrouping
                0x0000000008001148       0x1c CMakeFiles/stm32_hal_fsmc_ili9341.elf.dir/Drivers/STM32F4xx_HAL_Driver/Src/stm32f4xx_hal_cortex.c.obj
 .text.__NVIC_SetPriority
                0x0000000008001164       0x54 CMakeFiles/stm32_hal_fsmc_ili9341.elf.dir/Drivers/STM32F4xx_HAL_Driver/Src/stm32f4xx_hal_cortex.c.obj
 .text.NVIC_EncodePriority
                0x00000000080011b8       0x64 CMakeFiles/stm32_hal_fsmc_ili9341.elf.dir/Drivers/STM32F4xx_HAL_Driver/Src/stm32f4xx_hal_cortex.c.obj
 .text.SysTick_Config
                0x000000000800121c       0x44 CMakeFiles/stm32_hal_fsmc_ili9341.elf.dir/Drivers/STM32F4xx_HAL_Driver/Src/stm32f4xx_hal_cortex.c.obj
 .text.HAL_NVIC_SetPriorityGrouping
                0x0000000008001260       0x16 CMakeFiles/stm32_hal_fsmc_ili9341.elf.dir/Drivers/STM32F4xx_HAL_Driver/Src/stm32f4xx_hal_cortex.c.obj
                0x0000000008001260                HAL_NVIC_SetPriorityGrouping
 .text.HAL_NVIC_SetPriority
                0x0000000008001276       0x38 CMakeFiles/stm32_hal_fsmc_ili9341.elf.dir/Drivers/STM32F4xx_HAL_Driver/Src/stm32f4xx_hal_cortex.c.obj
                0x0000000008001276                HAL_NVIC_SetPriority
 .text.HAL_SYSTICK_Config
                0x00000000080012ae       0x18 CMakeFiles/stm32_hal_fsmc_ili9341.elf.dir/Drivers/STM32F4xx_HAL_Driver/Src/stm32f4xx_hal_cortex.c.obj
                0x00000000080012ae                HAL_SYSTICK_Config
 *fill*         0x00000000080012c6        0x2 
 .text.HAL_GPIO_Init
                0x00000000080012c8      0x334 CMakeFiles/stm32_hal_fsmc_ili9341.elf.dir/Drivers/STM32F4xx_HAL_Driver/Src/stm32f4xx_hal_gpio.c.obj
                0x00000000080012c8                HAL_GPIO_Init
 .text.HAL_GPIO_WritePin
                0x00000000080015fc       0x30 CMakeFiles/stm32_hal_fsmc_ili9341.elf.dir/Drivers/STM32F4xx_HAL_Driver/Src/stm32f4xx_hal_gpio.c.obj
                0x00000000080015fc                HAL_GPIO_WritePin
 .text.HAL_RCC_OscConfig
                0x000000000800162c      0x4e0 CMakeFiles/stm32_hal_fsmc_ili9341.elf.dir/Drivers/STM32F4xx_HAL_Driver/Src/stm32f4xx_hal_rcc.c.obj
                0x000000000800162c                HAL_RCC_OscConfig
 .text.HAL_RCC_ClockConfig
                0x0000000008001b0c      0x1cc CMakeFiles/stm32_hal_fsmc_ili9341.elf.dir/Drivers/STM32F4xx_HAL_Driver/Src/stm32f4xx_hal_rcc.c.obj
                0x0000000008001b0c                HAL_RCC_ClockConfig
 .text.HAL_RCC_GetSysClockFreq
                0x0000000008001cd8      0x1c4 CMakeFiles/stm32_hal_fsmc_ili9341.elf.dir/Drivers/STM32F4xx_HAL_Driver/Src/stm32f4xx_hal_rcc.c.obj
                0x0000000008001cd8                HAL_RCC_GetSysClockFreq
 .text.HAL_SRAM_Init
                0x0000000008001e9c       0x88 CMakeFiles/stm32_hal_fsmc_ili9341.elf.dir/Drivers/STM32F4xx_HAL_Driver/Src/stm32f4xx_hal_sram.c.obj
                0x0000000008001e9c                HAL_SRAM_Init
 .text.FSMC_NORSRAM_Init
                0x0000000008001f24       0xa0 CMakeFiles/stm32_hal_fsmc_ili9341.elf.dir/Drivers/STM32F4xx_HAL_Driver/Src/stm32f4xx_ll_fsmc.c.obj
                0x0000000008001f24                FSMC_NORSRAM_Init
 .text.FSMC_NORSRAM_Timing_Init
                0x0000000008001fc4       0x78 CMakeFiles/stm32_hal_fsmc_ili9341.elf.dir/Drivers/STM32F4xx_HAL_Driver/Src/stm32f4xx_ll_fsmc.c.obj
                0x0000000008001fc4                FSMC_NORSRAM_Timing_Init
 .text.FSMC_NORSRAM_Extended_Timing_Init
                0x000000000800203c       0x7c CMakeFiles/stm32_hal_fsmc_ili9341.elf.dir/Drivers/STM32F4xx_HAL_Driver/Src/stm32f4xx_ll_fsmc.c.obj
                0x000000000800203c                FSMC_NORSRAM_Extended_Timing_Init
 .text.MX_FSMC_Init
                0x00000000080020b8       0xc0 CMakeFiles/stm32_hal_fsmc_ili9341.elf.dir/Src/fsmc.c.obj
                0x00000000080020b8                MX_FSMC_Init
 .text.HAL_FSMC_MspInit
                0x0000000008002178       0x98 CMakeFiles/stm32_hal_fsmc_ili9341.elf.dir/Src/fsmc.c.obj
 .text.HAL_SRAM_MspInit
                0x0000000008002210       0x14 CMakeFiles/stm32_hal_fsmc_ili9341.elf.dir/Src/fsmc.c.obj
                0x0000000008002210                HAL_SRAM_MspInit
 .text.MX_GPIO_Init
                0x0000000008002224       0xd8 CMakeFiles/stm32_hal_fsmc_ili9341.elf.dir/Src/gpio.c.obj
                0x0000000008002224                MX_GPIO_Init
 .text.main     0x00000000080022fc       0x1e CMakeFiles/stm32_hal_fsmc_ili9341.elf.dir/Src/main.c.obj
                0x00000000080022fc                main
 *fill*         0x000000000800231a        0x2 
 .text.SystemClock_Config
                0x000000000800231c       0xd4 CMakeFiles/stm32_hal_fsmc_ili9341.elf.dir/Src/main.c.obj
                0x000000000800231c                SystemClock_Config
 .text.Error_Handler
                0x00000000080023f0        0xc CMakeFiles/stm32_hal_fsmc_ili9341.elf.dir/Src/main.c.obj
                0x00000000080023f0                Error_Handler
 .text.HAL_MspInit
                0x00000000080023fc       0x4c CMakeFiles/stm32_hal_fsmc_ili9341.elf.dir/Src/stm32f4xx_hal_msp.c.obj
                0x00000000080023fc                HAL_MspInit
 .text.NMI_Handler
                0x0000000008002448        0xc CMakeFiles/stm32_hal_fsmc_ili9341.elf.dir/Src/stm32f4xx_it.c.obj
                0x0000000008002448                NMI_Handler
 .text.HardFault_Handler
                0x0000000008002454        0x6 CMakeFiles/stm32_hal_fsmc_ili9341.elf.dir/Src/stm32f4xx_it.c.obj
                0x0000000008002454                HardFault_Handler
 .text.MemManage_Handler
                0x000000000800245a        0x6 CMakeFiles/stm32_hal_fsmc_ili9341.elf.dir/Src/stm32f4xx_it.c.obj
                0x000000000800245a                MemManage_Handler
 .text.BusFault_Handler
                0x0000000008002460        0x6 CMakeFiles/stm32_hal_fsmc_ili9341.elf.dir/Src/stm32f4xx_it.c.obj
                0x0000000008002460                BusFault_Handler
 .text.UsageFault_Handler
                0x0000000008002466        0x6 CMakeFiles/stm32_hal_fsmc_ili9341.elf.dir/Src/stm32f4xx_it.c.obj
                0x0000000008002466                UsageFault_Handler
 .text.SVC_Handler
                0x000000000800246c        0xc CMakeFiles/stm32_hal_fsmc_ili9341.elf.dir/Src/stm32f4xx_it.c.obj
                0x000000000800246c                SVC_Handler
 .text.DebugMon_Handler
                0x0000000008002478        0xc CMakeFiles/stm32_hal_fsmc_ili9341.elf.dir/Src/stm32f4xx_it.c.obj
                0x0000000008002478                DebugMon_Handler
 .text.PendSV_Handler
                0x0000000008002484        0xc CMakeFiles/stm32_hal_fsmc_ili9341.elf.dir/Src/stm32f4xx_it.c.obj
                0x0000000008002484                PendSV_Handler
 .text.SysTick_Handler
                0x0000000008002490        0xc CMakeFiles/stm32_hal_fsmc_ili9341.elf.dir/Src/stm32f4xx_it.c.obj
                0x0000000008002490                SysTick_Handler
 .text.SystemInit
                0x000000000800249c       0x18 CMakeFiles/stm32_hal_fsmc_ili9341.elf.dir/Src/system_stm32f4xx.c.obj
                0x000000000800249c                SystemInit
 .text.Reset_Handler
                0x00000000080024b4       0x50 CMakeFiles/stm32_hal_fsmc_ili9341.elf.dir/startup/startup_stm32f407xx.s.obj
                0x00000000080024b4                Reset_Handler
 .text.Default_Handler
                0x0000000008002504        0x2 CMakeFiles/stm32_hal_fsmc_ili9341.elf.dir/startup/startup_stm32f407xx.s.obj
                0x0000000008002504                RTC_Alarm_IRQHandler
                0x0000000008002504                HASH_RNG_IRQHandler
                0x0000000008002504                EXTI2_IRQHandler
                0x0000000008002504                TIM8_CC_IRQHandler
                0x0000000008002504                TIM1_CC_IRQHandler
                0x0000000008002504                DMA2_Stream5_IRQHandler
                0x0000000008002504                DMA1_Stream5_IRQHandler
                0x0000000008002504                PVD_IRQHandler
                0x0000000008002504                SDIO_IRQHandler
                0x0000000008002504                TAMP_STAMP_IRQHandler
                0x0000000008002504                CAN2_RX1_IRQHandler
                0x0000000008002504                EXTI3_IRQHandler
                0x0000000008002504                TIM8_TRG_COM_TIM14_IRQHandler
                0x0000000008002504                TIM1_UP_TIM10_IRQHandler
                0x0000000008002504                TIM8_UP_TIM13_IRQHandler
                0x0000000008002504                I2C3_ER_IRQHandler
                0x0000000008002504                EXTI0_IRQHandler
                0x0000000008002504                I2C2_EV_IRQHandler
                0x0000000008002504                DMA1_Stream2_IRQHandler
                0x0000000008002504                CAN1_RX0_IRQHandler
                0x0000000008002504                FPU_IRQHandler
                0x0000000008002504                OTG_HS_WKUP_IRQHandler
                0x0000000008002504                CAN2_SCE_IRQHandler
                0x0000000008002504                DMA2_Stream2_IRQHandler
                0x0000000008002504                SPI1_IRQHandler
                0x0000000008002504                TIM6_DAC_IRQHandler
                0x0000000008002504                TIM1_BRK_TIM9_IRQHandler
                0x0000000008002504                DCMI_IRQHandler
                0x0000000008002504                CAN2_RX0_IRQHandler
                0x0000000008002504                DMA2_Stream3_IRQHandler
                0x0000000008002504                USART6_IRQHandler
                0x0000000008002504                USART3_IRQHandler
                0x0000000008002504                CAN1_RX1_IRQHandler
                0x0000000008002504                UART5_IRQHandler
                0x0000000008002504                DMA2_Stream0_IRQHandler
                0x0000000008002504                TIM4_IRQHandler
                0x0000000008002504                I2C1_EV_IRQHandler
                0x0000000008002504                DMA1_Stream6_IRQHandler
                0x0000000008002504                DMA1_Stream1_IRQHandler
                0x0000000008002504                UART4_IRQHandler
                0x0000000008002504                TIM3_IRQHandler
                0x0000000008002504                RCC_IRQHandler
                0x0000000008002504                TIM8_BRK_TIM12_IRQHandler
                0x0000000008002504                Default_Handler
                0x0000000008002504                EXTI15_10_IRQHandler
                0x0000000008002504                ADC_IRQHandler
                0x0000000008002504                DMA1_Stream7_IRQHandler
                0x0000000008002504                TIM7_IRQHandler
                0x0000000008002504                CAN2_TX_IRQHandler
                0x0000000008002504                TIM5_IRQHandler
                0x0000000008002504                DMA2_Stream7_IRQHandler
                0x0000000008002504                I2C3_EV_IRQHandler
                0x0000000008002504                EXTI9_5_IRQHandler
                0x0000000008002504                RTC_WKUP_IRQHandler
                0x0000000008002504                ETH_WKUP_IRQHandler
                0x0000000008002504                SPI2_IRQHandler
                0x0000000008002504                OTG_HS_EP1_IN_IRQHandler
                0x0000000008002504                DMA1_Stream0_IRQHandler
                0x0000000008002504                CAN1_TX_IRQHandler
                0x0000000008002504                EXTI4_IRQHandler
                0x0000000008002504                FSMC_IRQHandler
                0x0000000008002504                ETH_IRQHandler
                0x0000000008002504                OTG_HS_EP1_OUT_IRQHandler
                0x0000000008002504                WWDG_IRQHandler
                0x0000000008002504                TIM2_IRQHandler
                0x0000000008002504                OTG_FS_WKUP_IRQHandler
                0x0000000008002504                TIM1_TRG_COM_TIM11_IRQHandler
                0x0000000008002504                OTG_HS_IRQHandler
                0x0000000008002504                EXTI1_IRQHandler
                0x0000000008002504                USART2_IRQHandler
                0x0000000008002504                I2C2_ER_IRQHandler
                0x0000000008002504                DMA2_Stream1_IRQHandler
                0x0000000008002504                CAN1_SCE_IRQHandler
                0x0000000008002504                FLASH_IRQHandler
                0x0000000008002504                DMA2_Stream4_IRQHandler
                0x0000000008002504                USART1_IRQHandler
                0x0000000008002504                OTG_FS_IRQHandler
                0x0000000008002504                SPI3_IRQHandler
                0x0000000008002504                DMA1_Stream4_IRQHandler
                0x0000000008002504                I2C1_ER_IRQHandler
                0x0000000008002504                DMA2_Stream6_IRQHandler
                0x0000000008002504                DMA1_Stream3_IRQHandler
 *fill*         0x0000000008002506        0x2 
 .text.__udivmoddi4
                0x0000000008002508      0x2c0 c:/users/summer/appdata/roaming/xpacks/arm_embedded_gcc/bin/../lib/gcc/arm-none-eabi/9.2.1/thumb/v7e-m/nofp\libgcc.a(_udivmoddi4.o)
                0x0000000008002508                __udivmoddi4
 .text.__libc_init_array
                0x00000000080027c8       0x48 c:/users/summer/appdata/roaming/xpacks/arm_embedded_gcc/bin/../lib/gcc/arm-none-eabi/9.2.1/../../../../arm-none-eabi/lib/thumb/v7e-m/nofp\libg_nano.a(lib_a-init.o)
                0x00000000080027c8                __libc_init_array
 .text.memset   0x0000000008002810       0x10 c:/users/summer/appdata/roaming/xpacks/arm_embedded_gcc/bin/../lib/gcc/arm-none-eabi/9.2.1/../../../../arm-none-eabi/lib/thumb/v7e-m/nofp\libg_nano.a(lib_a-memset.o)
                0x0000000008002810                memset
 *(.glue_7)
 .glue_7        0x0000000008002820        0x0 linker stubs
 *(.glue_7t)
 .glue_7t       0x0000000008002820        0x0 linker stubs
 *(.eh_frame)
 .eh_frame      0x0000000008002820        0x0 c:/users/summer/appdata/roaming/xpacks/arm_embedded_gcc/bin/../lib/gcc/arm-none-eabi/9.2.1/thumb/v7e-m/nofp/crtbegin.o
 *(.init)
 .init          0x0000000008002820        0x4 c:/users/summer/appdata/roaming/xpacks/arm_embedded_gcc/bin/../lib/gcc/arm-none-eabi/9.2.1/thumb/v7e-m/nofp/crti.o
                0x0000000008002820                _init
 .init          0x0000000008002824        0x8 c:/users/summer/appdata/roaming/xpacks/arm_embedded_gcc/bin/../lib/gcc/arm-none-eabi/9.2.1/thumb/v7e-m/nofp/crtn.o
 *(.fini)
 .fini          0x000000000800282c        0x4 c:/users/summer/appdata/roaming/xpacks/arm_embedded_gcc/bin/../lib/gcc/arm-none-eabi/9.2.1/thumb/v7e-m/nofp/crti.o
                0x000000000800282c                _fini
 .fini          0x0000000008002830        0x8 c:/users/summer/appdata/roaming/xpacks/arm_embedded_gcc/bin/../lib/gcc/arm-none-eabi/9.2.1/thumb/v7e-m/nofp/crtn.o
                0x0000000008002838                . = ALIGN (0x4)
                0x0000000008002838                _etext = .

.vfp11_veneer   0x0000000008002838        0x0
 .vfp11_veneer  0x0000000008002838        0x0 linker stubs

.v4_bx          0x0000000008002838        0x0
 .v4_bx         0x0000000008002838        0x0 linker stubs

.iplt           0x0000000008002838        0x0
 .iplt          0x0000000008002838        0x0 c:/users/summer/appdata/roaming/xpacks/arm_embedded_gcc/bin/../lib/gcc/arm-none-eabi/9.2.1/thumb/v7e-m/nofp/crtbegin.o

.rodata         0x0000000008002838      0xdfc
                0x0000000008002838                . = ALIGN (0x4)
 *(.rodata)
 .rodata        0x0000000008002838       0x8f CMakeFiles/stm32_hal_fsmc_ili9341.elf.dir/Drivers/ILI9341/ili9341.c.obj
 *(.rodata*)
 *fill*         0x00000000080028c7        0x1 
 .rodata.Font11x18
                0x00000000080028c8      0xd5c CMakeFiles/stm32_hal_fsmc_ili9341.elf.dir/Drivers/ILI9341/fonts.c.obj
 .rodata.AHBPrescTable
                0x0000000008003624       0x10 CMakeFiles/stm32_hal_fsmc_ili9341.elf.dir/Src/system_stm32f4xx.c.obj
                0x0000000008003624                AHBPrescTable
                0x0000000008003634                . = ALIGN (0x4)

.ARM.extab
 *(.ARM.extab* .gnu.linkonce.armextab.*)

.ARM            0x0000000008003634        0x8
                0x0000000008003634                __exidx_start = .
 *(.ARM.exidx*)
 .ARM.exidx.text.__udivmoddi4
                0x0000000008003634        0x8 c:/users/summer/appdata/roaming/xpacks/arm_embedded_gcc/bin/../lib/gcc/arm-none-eabi/9.2.1/thumb/v7e-m/nofp\libgcc.a(_udivmoddi4.o)
                0x000000000800363c                __exidx_end = .

.rel.dyn        0x000000000800363c        0x0
 .rel.iplt      0x000000000800363c        0x0 c:/users/summer/appdata/roaming/xpacks/arm_embedded_gcc/bin/../lib/gcc/arm-none-eabi/9.2.1/thumb/v7e-m/nofp/crtbegin.o

.preinit_array  0x000000000800363c        0x0
                0x000000000800363c                PROVIDE (__preinit_array_start = .)
 *(.preinit_array*)
                0x000000000800363c                PROVIDE (__preinit_array_end = .)

.init_array     0x000000000800363c        0x4
                0x000000000800363c                PROVIDE (__init_array_start = .)
 *(SORT_BY_NAME(.init_array.*))
 *(.init_array*)
 .init_array    0x000000000800363c        0x4 c:/users/summer/appdata/roaming/xpacks/arm_embedded_gcc/bin/../lib/gcc/arm-none-eabi/9.2.1/thumb/v7e-m/nofp/crtbegin.o
                0x0000000008003640                PROVIDE (__init_array_end = .)

.fini_array     0x0000000008003640        0x4
                [!provide]                        PROVIDE (__fini_array_start = .)
 *(SORT_BY_NAME(.fini_array.*))
 *(.fini_array*)
 .fini_array    0x0000000008003640        0x4 c:/users/summer/appdata/roaming/xpacks/arm_embedded_gcc/bin/../lib/gcc/arm-none-eabi/9.2.1/thumb/v7e-m/nofp/crtbegin.o
                [!provide]                        PROVIDE (__fini_array_end = .)
                0x0000000008003644                _sidata = LOADADDR (.data)

.data           0x0000000020000000       0x14 load address 0x0000000008003644
                0x0000000020000000                . = ALIGN (0x4)
                0x0000000020000000                _sdata = .
 *(.data)
 *(.data*)
 .data.Font_11x18
                0x0000000020000000        0x8 CMakeFiles/stm32_hal_fsmc_ili9341.elf.dir/Drivers/ILI9341/fonts.c.obj
                0x0000000020000000                Font_11x18
 .data.uwTickPrio
                0x0000000020000008        0x4 CMakeFiles/stm32_hal_fsmc_ili9341.elf.dir/Drivers/STM32F4xx_HAL_Driver/Src/stm32f4xx_hal.c.obj
                0x0000000020000008                uwTickPrio
 .data.uwTickFreq
                0x000000002000000c        0x1 CMakeFiles/stm32_hal_fsmc_ili9341.elf.dir/Drivers/STM32F4xx_HAL_Driver/Src/stm32f4xx_hal.c.obj
                0x000000002000000c                uwTickFreq
 *fill*         0x000000002000000d        0x3 
 .data.SystemCoreClock
                0x0000000020000010        0x4 CMakeFiles/stm32_hal_fsmc_ili9341.elf.dir/Src/system_stm32f4xx.c.obj
                0x0000000020000010                SystemCoreClock
                0x0000000020000014                . = ALIGN (0x4)
                0x0000000020000014                _edata = .
                0x0000000008003658                _siccmram = LOADADDR (.ccmram)

.igot.plt       0x0000000020000014        0x0 load address 0x0000000008003658
 .igot.plt      0x0000000020000014        0x0 c:/users/summer/appdata/roaming/xpacks/arm_embedded_gcc/bin/../lib/gcc/arm-none-eabi/9.2.1/thumb/v7e-m/nofp/crtbegin.o

.ccmram         0x0000000010000000        0x0 load address 0x0000000008003658
                0x0000000010000000                . = ALIGN (0x4)
                0x0000000010000000                _sccmram = .
 *(.ccmram)
 *(.ccmram*)
                0x0000000010000000                . = ALIGN (0x4)
                0x0000000010000000                _eccmram = .
                0x0000000010000000                . = ALIGN (0x4)

.bss            0x0000000020000014       0x74
                0x0000000020000014                _sbss = .
                0x0000000020000014                __bss_start__ = _sbss
 *(.bss)
 *(.bss*)
 .bss.completed.8911
                0x0000000020000014        0x1 c:/users/summer/appdata/roaming/xpacks/arm_embedded_gcc/bin/../lib/gcc/arm-none-eabi/9.2.1/thumb/v7e-m/nofp/crtbegin.o
 *fill*         0x0000000020000015        0x3 
 .bss.object.8916
                0x0000000020000018       0x18 c:/users/summer/appdata/roaming/xpacks/arm_embedded_gcc/bin/../lib/gcc/arm-none-eabi/9.2.1/thumb/v7e-m/nofp/crtbegin.o
 .bss.uwTick    0x0000000020000030        0x4 CMakeFiles/stm32_hal_fsmc_ili9341.elf.dir/Drivers/STM32F4xx_HAL_Driver/Src/stm32f4xx_hal.c.obj
                0x0000000020000030                uwTick
 .bss.hsram1    0x0000000020000034       0x50 CMakeFiles/stm32_hal_fsmc_ili9341.elf.dir/Src/fsmc.c.obj
                0x0000000020000034                hsram1
 .bss.FSMC_Initialized
                0x0000000020000084        0x4 CMakeFiles/stm32_hal_fsmc_ili9341.elf.dir/Src/fsmc.c.obj
 *(COMMON)
                0x0000000020000088                . = ALIGN (0x4)
                0x0000000020000088                _ebss = .
                0x0000000020000088                __bss_end__ = _ebss

._user_heap_stack
                0x0000000020000088      0x600
                0x0000000020000088                . = ALIGN (0x8)
                0x0000000020000088                PROVIDE (end = .)
                [!provide]                        PROVIDE (_end = .)
                0x0000000020000288                . = (. + _Min_Heap_Size)
 *fill*         0x0000000020000088      0x200 
                0x0000000020000688                . = (. + _Min_Stack_Size)
 *fill*         0x0000000020000288      0x400 
                0x0000000020000688                . = ALIGN (0x8)

/DISCARD/
 libc.a(*)
 libm.a(*)
 libgcc.a(*)

.ARM.attributes
                0x0000000000000000       0x2a
 *(.ARM.attributes)
 .ARM.attributes
                0x0000000000000000       0x1e c:/users/summer/appdata/roaming/xpacks/arm_embedded_gcc/bin/../lib/gcc/arm-none-eabi/9.2.1/thumb/v7e-m/nofp/crti.o
 .ARM.attributes
                0x000000000000001e       0x2e c:/users/summer/appdata/roaming/xpacks/arm_embedded_gcc/bin/../lib/gcc/arm-none-eabi/9.2.1/thumb/v7e-m/nofp/crtbegin.o
 .ARM.attributes
                0x000000000000004c       0x33 CMakeFiles/stm32_hal_fsmc_ili9341.elf.dir/Drivers/ILI9341/fonts.c.obj
 .ARM.attributes
                0x000000000000007f       0x2e CMakeFiles/stm32_hal_fsmc_ili9341.elf.dir/Drivers/ILI9341/ili9341.c.obj
 .ARM.attributes
                0x00000000000000ad       0x2e CMakeFiles/stm32_hal_fsmc_ili9341.elf.dir/Drivers/STM32F4xx_HAL_Driver/Src/stm32f4xx_hal.c.obj
 .ARM.attributes
                0x00000000000000db       0x2e CMakeFiles/stm32_hal_fsmc_ili9341.elf.dir/Drivers/STM32F4xx_HAL_Driver/Src/stm32f4xx_hal_cortex.c.obj
 .ARM.attributes
                0x0000000000000109       0x2e CMakeFiles/stm32_hal_fsmc_ili9341.elf.dir/Drivers/STM32F4xx_HAL_Driver/Src/stm32f4xx_hal_gpio.c.obj
 .ARM.attributes
                0x0000000000000137       0x2e CMakeFiles/stm32_hal_fsmc_ili9341.elf.dir/Drivers/STM32F4xx_HAL_Driver/Src/stm32f4xx_hal_rcc.c.obj
 .ARM.attributes
                0x0000000000000165       0x2e CMakeFiles/stm32_hal_fsmc_ili9341.elf.dir/Drivers/STM32F4xx_HAL_Driver/Src/stm32f4xx_hal_sram.c.obj
 .ARM.attributes
                0x0000000000000193       0x2e CMakeFiles/stm32_hal_fsmc_ili9341.elf.dir/Drivers/STM32F4xx_HAL_Driver/Src/stm32f4xx_ll_fsmc.c.obj
 .ARM.attributes
                0x00000000000001c1       0x2e CMakeFiles/stm32_hal_fsmc_ili9341.elf.dir/Src/fsmc.c.obj
 .ARM.attributes
                0x00000000000001ef       0x2e CMakeFiles/stm32_hal_fsmc_ili9341.elf.dir/Src/gpio.c.obj
 .ARM.attributes
                0x000000000000021d       0x2e CMakeFiles/stm32_hal_fsmc_ili9341.elf.dir/Src/main.c.obj
 .ARM.attributes
                0x000000000000024b       0x2e CMakeFiles/stm32_hal_fsmc_ili9341.elf.dir/Src/stm32f4xx_hal_msp.c.obj
 .ARM.attributes
                0x0000000000000279       0x2e CMakeFiles/stm32_hal_fsmc_ili9341.elf.dir/Src/stm32f4xx_it.c.obj
 .ARM.attributes
                0x00000000000002a7       0x2e CMakeFiles/stm32_hal_fsmc_ili9341.elf.dir/Src/system_stm32f4xx.c.obj
 .ARM.attributes
                0x00000000000002d5       0x21 CMakeFiles/stm32_hal_fsmc_ili9341.elf.dir/startup/startup_stm32f407xx.s.obj
 .ARM.attributes
                0x00000000000002f6       0x1e c:/users/summer/appdata/roaming/xpacks/arm_embedded_gcc/bin/../lib/gcc/arm-none-eabi/9.2.1/thumb/v7e-m/nofp\libgcc.a(_aeabi_uldivmod.o)
 .ARM.attributes
                0x0000000000000314       0x2e c:/users/summer/appdata/roaming/xpacks/arm_embedded_gcc/bin/../lib/gcc/arm-none-eabi/9.2.1/thumb/v7e-m/nofp\libgcc.a(_udivmoddi4.o)
 .ARM.attributes
                0x0000000000000342       0x1e c:/users/summer/appdata/roaming/xpacks/arm_embedded_gcc/bin/../lib/gcc/arm-none-eabi/9.2.1/thumb/v7e-m/nofp\libgcc.a(_dvmd_tls.o)
 .ARM.attributes
                0x0000000000000360       0x2e c:/users/summer/appdata/roaming/xpacks/arm_embedded_gcc/bin/../lib/gcc/arm-none-eabi/9.2.1/../../../../arm-none-eabi/lib/thumb/v7e-m/nofp\libg_nano.a(lib_a-init.o)
 .ARM.attributes
                0x000000000000038e       0x2e c:/users/summer/appdata/roaming/xpacks/arm_embedded_gcc/bin/../lib/gcc/arm-none-eabi/9.2.1/../../../../arm-none-eabi/lib/thumb/v7e-m/nofp\libg_nano.a(lib_a-memset.o)
 .ARM.attributes
                0x00000000000003bc       0x1e c:/users/summer/appdata/roaming/xpacks/arm_embedded_gcc/bin/../lib/gcc/arm-none-eabi/9.2.1/thumb/v7e-m/nofp/crtn.o
OUTPUT(stm32_hal_fsmc_ili9341.elf elf32-littlearm)

.debug_info     0x0000000000000000     0x7e38
 .debug_info    0x0000000000000000      0x1aa CMakeFiles/stm32_hal_fsmc_ili9341.elf.dir/Drivers/ILI9341/fonts.c.obj
 .debug_info    0x00000000000001aa     0x1611 CMakeFiles/stm32_hal_fsmc_ili9341.elf.dir/Drivers/ILI9341/ili9341.c.obj
 .debug_info    0x00000000000017bb      0x9a7 CMakeFiles/stm32_hal_fsmc_ili9341.elf.dir/Drivers/STM32F4xx_HAL_Driver/Src/stm32f4xx_hal.c.obj
 .debug_info    0x0000000000002162      0xecc CMakeFiles/stm32_hal_fsmc_ili9341.elf.dir/Drivers/STM32F4xx_HAL_Driver/Src/stm32f4xx_hal_cortex.c.obj
 .debug_info    0x000000000000302e      0x823 CMakeFiles/stm32_hal_fsmc_ili9341.elf.dir/Drivers/STM32F4xx_HAL_Driver/Src/stm32f4xx_hal_gpio.c.obj
 .debug_info    0x0000000000003851      0x98b CMakeFiles/stm32_hal_fsmc_ili9341.elf.dir/Drivers/STM32F4xx_HAL_Driver/Src/stm32f4xx_hal_rcc.c.obj
 .debug_info    0x00000000000041dc      0xba0 CMakeFiles/stm32_hal_fsmc_ili9341.elf.dir/Drivers/STM32F4xx_HAL_Driver/Src/stm32f4xx_hal_sram.c.obj
 .debug_info    0x0000000000004d7c      0xb4e CMakeFiles/stm32_hal_fsmc_ili9341.elf.dir/Drivers/STM32F4xx_HAL_Driver/Src/stm32f4xx_ll_fsmc.c.obj
 .debug_info    0x00000000000058ca      0xa7c CMakeFiles/stm32_hal_fsmc_ili9341.elf.dir/Src/fsmc.c.obj
 .debug_info    0x0000000000006346      0x524 CMakeFiles/stm32_hal_fsmc_ili9341.elf.dir/Src/gpio.c.obj
 .debug_info    0x000000000000686a      0xa73 CMakeFiles/stm32_hal_fsmc_ili9341.elf.dir/Src/main.c.obj
 .debug_info    0x00000000000072dd      0x389 CMakeFiles/stm32_hal_fsmc_ili9341.elf.dir/Src/stm32f4xx_hal_msp.c.obj
 .debug_info    0x0000000000007666      0x217 CMakeFiles/stm32_hal_fsmc_ili9341.elf.dir/Src/stm32f4xx_it.c.obj
 .debug_info    0x000000000000787d      0x599 CMakeFiles/stm32_hal_fsmc_ili9341.elf.dir/Src/system_stm32f4xx.c.obj
 .debug_info    0x0000000000007e16       0x22 CMakeFiles/stm32_hal_fsmc_ili9341.elf.dir/startup/startup_stm32f407xx.s.obj

.debug_abbrev   0x0000000000000000     0x18c5
 .debug_abbrev  0x0000000000000000       0xaa CMakeFiles/stm32_hal_fsmc_ili9341.elf.dir/Drivers/ILI9341/fonts.c.obj
 .debug_abbrev  0x00000000000000aa      0x2e1 CMakeFiles/stm32_hal_fsmc_ili9341.elf.dir/Drivers/ILI9341/ili9341.c.obj
 .debug_abbrev  0x000000000000038b      0x1ea CMakeFiles/stm32_hal_fsmc_ili9341.elf.dir/Drivers/STM32F4xx_HAL_Driver/Src/stm32f4xx_hal.c.obj
 .debug_abbrev  0x0000000000000575      0x339 CMakeFiles/stm32_hal_fsmc_ili9341.elf.dir/Drivers/STM32F4xx_HAL_Driver/Src/stm32f4xx_hal_cortex.c.obj
 .debug_abbrev  0x00000000000008ae      0x1ee CMakeFiles/stm32_hal_fsmc_ili9341.elf.dir/Drivers/STM32F4xx_HAL_Driver/Src/stm32f4xx_hal_gpio.c.obj
 .debug_abbrev  0x0000000000000a9c      0x272 CMakeFiles/stm32_hal_fsmc_ili9341.elf.dir/Drivers/STM32F4xx_HAL_Driver/Src/stm32f4xx_hal_rcc.c.obj
 .debug_abbrev  0x0000000000000d0e      0x1f1 CMakeFiles/stm32_hal_fsmc_ili9341.elf.dir/Drivers/STM32F4xx_HAL_Driver/Src/stm32f4xx_hal_sram.c.obj
 .debug_abbrev  0x0000000000000eff      0x1ab CMakeFiles/stm32_hal_fsmc_ili9341.elf.dir/Drivers/STM32F4xx_HAL_Driver/Src/stm32f4xx_ll_fsmc.c.obj
 .debug_abbrev  0x00000000000010aa      0x1df CMakeFiles/stm32_hal_fsmc_ili9341.elf.dir/Src/fsmc.c.obj
 .debug_abbrev  0x0000000000001289      0x14b CMakeFiles/stm32_hal_fsmc_ili9341.elf.dir/Src/gpio.c.obj
 .debug_abbrev  0x00000000000013d4      0x1b4 CMakeFiles/stm32_hal_fsmc_ili9341.elf.dir/Src/main.c.obj
 .debug_abbrev  0x0000000000001588      0x11a CMakeFiles/stm32_hal_fsmc_ili9341.elf.dir/Src/stm32f4xx_hal_msp.c.obj
 .debug_abbrev  0x00000000000016a2       0xcf CMakeFiles/stm32_hal_fsmc_ili9341.elf.dir/Src/stm32f4xx_it.c.obj
 .debug_abbrev  0x0000000000001771      0x142 CMakeFiles/stm32_hal_fsmc_ili9341.elf.dir/Src/system_stm32f4xx.c.obj
 .debug_abbrev  0x00000000000018b3       0x12 CMakeFiles/stm32_hal_fsmc_ili9341.elf.dir/startup/startup_stm32f407xx.s.obj

.debug_aranges  0x0000000000000000      0x660
 .debug_aranges
                0x0000000000000000       0x18 CMakeFiles/stm32_hal_fsmc_ili9341.elf.dir/Drivers/ILI9341/fonts.c.obj
 .debug_aranges
                0x0000000000000018       0xb8 CMakeFiles/stm32_hal_fsmc_ili9341.elf.dir/Drivers/ILI9341/ili9341.c.obj
 .debug_aranges
                0x00000000000000d0       0xf0 CMakeFiles/stm32_hal_fsmc_ili9341.elf.dir/Drivers/STM32F4xx_HAL_Driver/Src/stm32f4xx_hal.c.obj
 .debug_aranges
                0x00000000000001c0      0x118 CMakeFiles/stm32_hal_fsmc_ili9341.elf.dir/Drivers/STM32F4xx_HAL_Driver/Src/stm32f4xx_hal_cortex.c.obj
 .debug_aranges
                0x00000000000002d8       0x58 CMakeFiles/stm32_hal_fsmc_ili9341.elf.dir/Drivers/STM32F4xx_HAL_Driver/Src/stm32f4xx_hal_gpio.c.obj
 .debug_aranges
                0x0000000000000330       0x88 CMakeFiles/stm32_hal_fsmc_ili9341.elf.dir/Drivers/STM32F4xx_HAL_Driver/Src/stm32f4xx_hal_rcc.c.obj
 .debug_aranges
                0x00000000000003b8       0xa0 CMakeFiles/stm32_hal_fsmc_ili9341.elf.dir/Drivers/STM32F4xx_HAL_Driver/Src/stm32f4xx_hal_sram.c.obj
 .debug_aranges
                0x0000000000000458       0xa8 CMakeFiles/stm32_hal_fsmc_ili9341.elf.dir/Drivers/STM32F4xx_HAL_Driver/Src/stm32f4xx_ll_fsmc.c.obj
 .debug_aranges
                0x0000000000000500       0x40 CMakeFiles/stm32_hal_fsmc_ili9341.elf.dir/Src/fsmc.c.obj
 .debug_aranges
                0x0000000000000540       0x20 CMakeFiles/stm32_hal_fsmc_ili9341.elf.dir/Src/gpio.c.obj
 .debug_aranges
                0x0000000000000560       0x30 CMakeFiles/stm32_hal_fsmc_ili9341.elf.dir/Src/main.c.obj
 .debug_aranges
                0x0000000000000590       0x20 CMakeFiles/stm32_hal_fsmc_ili9341.elf.dir/Src/stm32f4xx_hal_msp.c.obj
 .debug_aranges
                0x00000000000005b0       0x60 CMakeFiles/stm32_hal_fsmc_ili9341.elf.dir/Src/stm32f4xx_it.c.obj
 .debug_aranges
                0x0000000000000610       0x28 CMakeFiles/stm32_hal_fsmc_ili9341.elf.dir/Src/system_stm32f4xx.c.obj
 .debug_aranges
                0x0000000000000638       0x28 CMakeFiles/stm32_hal_fsmc_ili9341.elf.dir/startup/startup_stm32f407xx.s.obj

.debug_line     0x0000000000000000     0x4863
 .debug_line    0x0000000000000000      0x12c CMakeFiles/stm32_hal_fsmc_ili9341.elf.dir/Drivers/ILI9341/fonts.c.obj
 .debug_line    0x000000000000012c      0x8f7 CMakeFiles/stm32_hal_fsmc_ili9341.elf.dir/Drivers/ILI9341/ili9341.c.obj
 .debug_line    0x0000000000000a23      0x55f CMakeFiles/stm32_hal_fsmc_ili9341.elf.dir/Drivers/STM32F4xx_HAL_Driver/Src/stm32f4xx_hal.c.obj
 .debug_line    0x0000000000000f82      0x820 CMakeFiles/stm32_hal_fsmc_ili9341.elf.dir/Drivers/STM32F4xx_HAL_Driver/Src/stm32f4xx_hal_cortex.c.obj
 .debug_line    0x00000000000017a2      0x6ff CMakeFiles/stm32_hal_fsmc_ili9341.elf.dir/Drivers/STM32F4xx_HAL_Driver/Src/stm32f4xx_hal_gpio.c.obj
 .debug_line    0x0000000000001ea1      0x90d CMakeFiles/stm32_hal_fsmc_ili9341.elf.dir/Drivers/STM32F4xx_HAL_Driver/Src/stm32f4xx_hal_rcc.c.obj
 .debug_line    0x00000000000027ae      0x738 CMakeFiles/stm32_hal_fsmc_ili9341.elf.dir/Drivers/STM32F4xx_HAL_Driver/Src/stm32f4xx_hal_sram.c.obj
 .debug_line    0x0000000000002ee6      0x72b CMakeFiles/stm32_hal_fsmc_ili9341.elf.dir/Drivers/STM32F4xx_HAL_Driver/Src/stm32f4xx_ll_fsmc.c.obj
 .debug_line    0x0000000000003611      0x3ca CMakeFiles/stm32_hal_fsmc_ili9341.elf.dir/Src/fsmc.c.obj
 .debug_line    0x00000000000039db      0x261 CMakeFiles/stm32_hal_fsmc_ili9341.elf.dir/Src/gpio.c.obj
 .debug_line    0x0000000000003c3c      0x39b CMakeFiles/stm32_hal_fsmc_ili9341.elf.dir/Src/main.c.obj
 .debug_line    0x0000000000003fd7      0x243 CMakeFiles/stm32_hal_fsmc_ili9341.elf.dir/Src/stm32f4xx_hal_msp.c.obj
 .debug_line    0x000000000000421a      0x2dc CMakeFiles/stm32_hal_fsmc_ili9341.elf.dir/Src/stm32f4xx_it.c.obj
 .debug_line    0x00000000000044f6      0x2d1 CMakeFiles/stm32_hal_fsmc_ili9341.elf.dir/Src/system_stm32f4xx.c.obj
 .debug_line    0x00000000000047c7       0x9c CMakeFiles/stm32_hal_fsmc_ili9341.elf.dir/startup/startup_stm32f407xx.s.obj

.debug_str      0x0000000000000000     0x2870
 .debug_str     0x0000000000000000      0x204 CMakeFiles/stm32_hal_fsmc_ili9341.elf.dir/Drivers/ILI9341/fonts.c.obj
                                        0x24e (size before relaxing)
 .debug_str     0x0000000000000204      0x74f CMakeFiles/stm32_hal_fsmc_ili9341.elf.dir/Drivers/ILI9341/ili9341.c.obj
                                        0x9b0 (size before relaxing)
 .debug_str     0x0000000000000953      0x8f9 CMakeFiles/stm32_hal_fsmc_ili9341.elf.dir/Drivers/STM32F4xx_HAL_Driver/Src/stm32f4xx_hal.c.obj
                                        0xba0 (size before relaxing)
 .debug_str     0x000000000000124c      0x50a CMakeFiles/stm32_hal_fsmc_ili9341.elf.dir/Drivers/STM32F4xx_HAL_Driver/Src/stm32f4xx_hal_cortex.c.obj
                                        0xd24 (size before relaxing)
 .debug_str     0x0000000000001756      0x1a2 CMakeFiles/stm32_hal_fsmc_ili9341.elf.dir/Drivers/STM32F4xx_HAL_Driver/Src/stm32f4xx_hal_gpio.c.obj
                                        0x5ea (size before relaxing)
 .debug_str     0x00000000000018f8      0x311 CMakeFiles/stm32_hal_fsmc_ili9341.elf.dir/Drivers/STM32F4xx_HAL_Driver/Src/stm32f4xx_hal_rcc.c.obj
                                        0x7a1 (size before relaxing)
 .debug_str     0x0000000000001c09      0x62d CMakeFiles/stm32_hal_fsmc_ili9341.elf.dir/Drivers/STM32F4xx_HAL_Driver/Src/stm32f4xx_hal_sram.c.obj
                                        0x96d (size before relaxing)
 .debug_str     0x0000000000002236      0x376 CMakeFiles/stm32_hal_fsmc_ili9341.elf.dir/Drivers/STM32F4xx_HAL_Driver/Src/stm32f4xx_ll_fsmc.c.obj
                                        0x834 (size before relaxing)
 .debug_str     0x00000000000025ac       0x92 CMakeFiles/stm32_hal_fsmc_ili9341.elf.dir/Src/fsmc.c.obj
                                        0x97d (size before relaxing)
 .debug_str     0x000000000000263e       0x38 CMakeFiles/stm32_hal_fsmc_ili9341.elf.dir/Src/gpio.c.obj
                                        0x463 (size before relaxing)
 .debug_str     0x0000000000002676       0x51 CMakeFiles/stm32_hal_fsmc_ili9341.elf.dir/Src/main.c.obj
                                        0x981 (size before relaxing)
 .debug_str     0x00000000000026c7       0x38 CMakeFiles/stm32_hal_fsmc_ili9341.elf.dir/Src/stm32f4xx_hal_msp.c.obj
                                        0x3d2 (size before relaxing)
 .debug_str     0x00000000000026ff       0xc3 CMakeFiles/stm32_hal_fsmc_ili9341.elf.dir/Src/stm32f4xx_it.c.obj
                                        0x34e (size before relaxing)
 .debug_str     0x00000000000027c2       0x62 CMakeFiles/stm32_hal_fsmc_ili9341.elf.dir/Src/system_stm32f4xx.c.obj
                                        0x44e (size before relaxing)
 .debug_str     0x0000000000002824       0x4c CMakeFiles/stm32_hal_fsmc_ili9341.elf.dir/startup/startup_stm32f407xx.s.obj
                                         0x7e (size before relaxing)

.comment        0x0000000000000000       0x66
 .comment       0x0000000000000000       0x66 CMakeFiles/stm32_hal_fsmc_ili9341.elf.dir/Drivers/ILI9341/fonts.c.obj
                                         0x67 (size before relaxing)
 .comment       0x0000000000000066       0x67 CMakeFiles/stm32_hal_fsmc_ili9341.elf.dir/Drivers/ILI9341/ili9341.c.obj
 .comment       0x0000000000000066       0x67 CMakeFiles/stm32_hal_fsmc_ili9341.elf.dir/Drivers/STM32F4xx_HAL_Driver/Src/stm32f4xx_hal.c.obj
 .comment       0x0000000000000066       0x67 CMakeFiles/stm32_hal_fsmc_ili9341.elf.dir/Drivers/STM32F4xx_HAL_Driver/Src/stm32f4xx_hal_cortex.c.obj
 .comment       0x0000000000000066       0x67 CMakeFiles/stm32_hal_fsmc_ili9341.elf.dir/Drivers/STM32F4xx_HAL_Driver/Src/stm32f4xx_hal_gpio.c.obj
 .comment       0x0000000000000066       0x67 CMakeFiles/stm32_hal_fsmc_ili9341.elf.dir/Drivers/STM32F4xx_HAL_Driver/Src/stm32f4xx_hal_rcc.c.obj
 .comment       0x0000000000000066       0x67 CMakeFiles/stm32_hal_fsmc_ili9341.elf.dir/Drivers/STM32F4xx_HAL_Driver/Src/stm32f4xx_hal_sram.c.obj
 .comment       0x0000000000000066       0x67 CMakeFiles/stm32_hal_fsmc_ili9341.elf.dir/Drivers/STM32F4xx_HAL_Driver/Src/stm32f4xx_ll_fsmc.c.obj
 .comment       0x0000000000000066       0x67 CMakeFiles/stm32_hal_fsmc_ili9341.elf.dir/Src/fsmc.c.obj
 .comment       0x0000000000000066       0x67 CMakeFiles/stm32_hal_fsmc_ili9341.elf.dir/Src/gpio.c.obj
 .comment       0x0000000000000066       0x67 CMakeFiles/stm32_hal_fsmc_ili9341.elf.dir/Src/main.c.obj
 .comment       0x0000000000000066       0x67 CMakeFiles/stm32_hal_fsmc_ili9341.elf.dir/Src/stm32f4xx_hal_msp.c.obj
 .comment       0x0000000000000066       0x67 CMakeFiles/stm32_hal_fsmc_ili9341.elf.dir/Src/stm32f4xx_it.c.obj
 .comment       0x0000000000000066       0x67 CMakeFiles/stm32_hal_fsmc_ili9341.elf.dir/Src/system_stm32f4xx.c.obj

.debug_ranges   0x0000000000000000      0x570
 .debug_ranges  0x0000000000000000       0xa8 CMakeFiles/stm32_hal_fsmc_ili9341.elf.dir/Drivers/ILI9341/ili9341.c.obj
 .debug_ranges  0x00000000000000a8       0xe0 CMakeFiles/stm32_hal_fsmc_ili9341.elf.dir/Drivers/STM32F4xx_HAL_Driver/Src/stm32f4xx_hal.c.obj
 .debug_ranges  0x0000000000000188      0x108 CMakeFiles/stm32_hal_fsmc_ili9341.elf.dir/Drivers/STM32F4xx_HAL_Driver/Src/stm32f4xx_hal_cortex.c.obj
 .debug_ranges  0x0000000000000290       0x48 CMakeFiles/stm32_hal_fsmc_ili9341.elf.dir/Drivers/STM32F4xx_HAL_Driver/Src/stm32f4xx_hal_gpio.c.obj
 .debug_ranges  0x00000000000002d8       0x78 CMakeFiles/stm32_hal_fsmc_ili9341.elf.dir/Drivers/STM32F4xx_HAL_Driver/Src/stm32f4xx_hal_rcc.c.obj
 .debug_ranges  0x0000000000000350       0x90 CMakeFiles/stm32_hal_fsmc_ili9341.elf.dir/Drivers/STM32F4xx_HAL_Driver/Src/stm32f4xx_hal_sram.c.obj
 .debug_ranges  0x00000000000003e0       0x98 CMakeFiles/stm32_hal_fsmc_ili9341.elf.dir/Drivers/STM32F4xx_HAL_Driver/Src/stm32f4xx_ll_fsmc.c.obj
 .debug_ranges  0x0000000000000478       0x30 CMakeFiles/stm32_hal_fsmc_ili9341.elf.dir/Src/fsmc.c.obj
 .debug_ranges  0x00000000000004a8       0x10 CMakeFiles/stm32_hal_fsmc_ili9341.elf.dir/Src/gpio.c.obj
 .debug_ranges  0x00000000000004b8       0x20 CMakeFiles/stm32_hal_fsmc_ili9341.elf.dir/Src/main.c.obj
 .debug_ranges  0x00000000000004d8       0x10 CMakeFiles/stm32_hal_fsmc_ili9341.elf.dir/Src/stm32f4xx_hal_msp.c.obj
 .debug_ranges  0x00000000000004e8       0x50 CMakeFiles/stm32_hal_fsmc_ili9341.elf.dir/Src/stm32f4xx_it.c.obj
 .debug_ranges  0x0000000000000538       0x18 CMakeFiles/stm32_hal_fsmc_ili9341.elf.dir/Src/system_stm32f4xx.c.obj
 .debug_ranges  0x0000000000000550       0x20 CMakeFiles/stm32_hal_fsmc_ili9341.elf.dir/startup/startup_stm32f407xx.s.obj

.debug_frame    0x0000000000000000     0x179c
 .debug_frame   0x0000000000000000      0x330 CMakeFiles/stm32_hal_fsmc_ili9341.elf.dir/Drivers/ILI9341/ili9341.c.obj
 .debug_frame   0x0000000000000330      0x374 CMakeFiles/stm32_hal_fsmc_ili9341.elf.dir/Drivers/STM32F4xx_HAL_Driver/Src/stm32f4xx_hal.c.obj
 .debug_frame   0x00000000000006a4      0x498 CMakeFiles/stm32_hal_fsmc_ili9341.elf.dir/Drivers/STM32F4xx_HAL_Driver/Src/stm32f4xx_hal_cortex.c.obj
 .debug_frame   0x0000000000000b3c      0x14c CMakeFiles/stm32_hal_fsmc_ili9341.elf.dir/Drivers/STM32F4xx_HAL_Driver/Src/stm32f4xx_hal_gpio.c.obj
 .debug_frame   0x0000000000000c88      0x1f0 CMakeFiles/stm32_hal_fsmc_ili9341.elf.dir/Drivers/STM32F4xx_HAL_Driver/Src/stm32f4xx_hal_rcc.c.obj
 .debug_frame   0x0000000000000e78      0x2a0 CMakeFiles/stm32_hal_fsmc_ili9341.elf.dir/Drivers/STM32F4xx_HAL_Driver/Src/stm32f4xx_hal_sram.c.obj
 .debug_frame   0x0000000000001118      0x2dc CMakeFiles/stm32_hal_fsmc_ili9341.elf.dir/Drivers/STM32F4xx_HAL_Driver/Src/stm32f4xx_ll_fsmc.c.obj
 .debug_frame   0x00000000000013f4       0xbc CMakeFiles/stm32_hal_fsmc_ili9341.elf.dir/Src/fsmc.c.obj
 .debug_frame   0x00000000000014b0       0x34 CMakeFiles/stm32_hal_fsmc_ili9341.elf.dir/Src/gpio.c.obj
 .debug_frame   0x00000000000014e4       0x70 CMakeFiles/stm32_hal_fsmc_ili9341.elf.dir/Src/main.c.obj
 .debug_frame   0x0000000000001554       0x38 CMakeFiles/stm32_hal_fsmc_ili9341.elf.dir/Src/stm32f4xx_hal_msp.c.obj
 .debug_frame   0x000000000000158c      0x10c CMakeFiles/stm32_hal_fsmc_ili9341.elf.dir/Src/stm32f4xx_it.c.obj
 .debug_frame   0x0000000000001698       0x58 CMakeFiles/stm32_hal_fsmc_ili9341.elf.dir/Src/system_stm32f4xx.c.obj
 .debug_frame   0x00000000000016f0       0x2c c:/users/summer/appdata/roaming/xpacks/arm_embedded_gcc/bin/../lib/gcc/arm-none-eabi/9.2.1/thumb/v7e-m/nofp\libgcc.a(_aeabi_uldivmod.o)
 .debug_frame   0x000000000000171c       0x34 c:/users/summer/appdata/roaming/xpacks/arm_embedded_gcc/bin/../lib/gcc/arm-none-eabi/9.2.1/thumb/v7e-m/nofp\libgcc.a(_udivmoddi4.o)
 .debug_frame   0x0000000000001750       0x2c c:/users/summer/appdata/roaming/xpacks/arm_embedded_gcc/bin/../lib/gcc/arm-none-eabi/9.2.1/../../../../arm-none-eabi/lib/thumb/v7e-m/nofp\libg_nano.a(lib_a-init.o)
 .debug_frame   0x000000000000177c       0x20 c:/users/summer/appdata/roaming/xpacks/arm_embedded_gcc/bin/../lib/gcc/arm-none-eabi/9.2.1/../../../../arm-none-eabi/lib/thumb/v7e-m/nofp\libg_nano.a(lib_a-memset.o)
